// Jest Snapshot v1, https://goo.gl/fbAQLP

exports[`TweetItem.vue render component with props 1`] = `
VueWrapper {
  "__app": Object {
    "_component": Object {
      "__emits": Object {
        "0": Object {},
      },
      "__props": Object {
        "0": Array [
          Object {},
          Array [],
        ],
      },
      "name": "VTU_ROOT",
      "render": [Function],
    },
    "_container": <div
      data-v-app=""
      id="app"
    >
      <div
        class="tweet-container"
      >
        <div
          class="tweet-avatar"
        >
          <img
            alt="avatar tweet"
            src="url"
          />
        </div>
        <div
          class="tweet-body"
        >
          <div
            class="tweet-header"
          >
            <span>
              <strong>
                test
              </strong>
            </span>
            <span
              class="no-principal-items"
            >
              @test
            </span>
            <span
              class="no-principal-items"
            >
              2ms
            </span>
          </div>
          <div
            class="tweet-content"
          >
            <p>
              content
            </p>
          </div>
        </div>
      </div>
    </div>,
    "_context": Object {
      "app": [Circular],
      "components": Object {},
      "config": Object {
        "errorHandler": undefined,
        "globalProperties": Object {},
        "isCustomElement": [Function],
        "isNativeTag": [Function],
        "optionMergeStrategies": Object {},
        "performance": false,
        "warnHandler": undefined,
      },
      "directives": Object {},
      "mixins": Array [
        Object {
          "__emits": Object {
            "0": null,
          },
          "__props": Object {
            "0": Array [],
          },
          "beforeCreate": [Function],
        },
        Object {
          "__emits": Object {
            "0": null,
          },
          "__props": Object {
            "0": Array [],
          },
          "beforeCreate": [Function],
        },
      ],
      "provides": Object {},
      "reload": [Function],
    },
    "_props": null,
    "_uid": 0,
    "component": [Function],
    "config": Object {
      "errorHandler": undefined,
      "globalProperties": Object {},
      "isCustomElement": [Function],
      "isNativeTag": [Function],
      "optionMergeStrategies": Object {},
      "performance": false,
      "warnHandler": undefined,
    },
    "directive": [Function],
    "mixin": [Function],
    "mount": [Function],
    "provide": [Function],
    "unmount": [Function],
    "use": [Function],
    "version": "3.0.0",
  },
  "__isFunctionalComponent": false,
  "__setProps": [Function],
  "componentVM": Object {
    "__emitted": Object {},
    "tweet": Object {
      "accountName": "test",
      "avatar": "url",
      "content": "content",
      "hashtag": "@test",
      "timeAgo": "2ms",
    },
  },
  "rootVM": Object {
    "__emitted": Object {},
  },
}
`;
