// Jest Snapshot v1, https://goo.gl/fbAQLP

exports[`TweetItem.vue render component with props 1`] = `
VueWrapper {
  "__app": Object {
    "_component": Object {
      "__emits": Object {
        "0": Object {},
      },
      "__props": Object {
        "0": Array [
          Object {},
          Array [],
        ],
      },
      "name": "VTU_ROOT",
      "render": [Function],
    },
    "_container": <div
      data-v-app=""
      id="app"
    >
      <div
        class="container-navbar"
      >
        <div>
          <img
            alt="avatar"
            class="avatar"
            src="https://www.blexar.com/avatar.png"
          />
        </div>
        <div>
          <img
            alt="twitter logo"
            src="https://www.creativefreedom.co.uk/wp-content/uploads/2017/06/Twitter-featured.png"
          />
        </div>
        <span />
      </div>
    </div>,
    "_context": Object {
      "app": [Circular],
      "components": Object {},
      "config": Object {
        "errorHandler": undefined,
        "globalProperties": Object {},
        "isCustomElement": [Function],
        "isNativeTag": [Function],
        "optionMergeStrategies": Object {},
        "performance": false,
        "warnHandler": undefined,
      },
      "directives": Object {},
      "mixins": Array [
        Object {
          "__emits": Object {
            "0": null,
          },
          "__props": Object {
            "0": Array [],
          },
          "beforeCreate": [Function],
        },
        Object {
          "__emits": Object {
            "0": null,
          },
          "__props": Object {
            "0": Array [],
          },
          "beforeCreate": [Function],
        },
      ],
      "provides": Object {},
      "reload": [Function],
    },
    "_props": null,
    "_uid": 0,
    "component": [Function],
    "config": Object {
      "errorHandler": undefined,
      "globalProperties": Object {},
      "isCustomElement": [Function],
      "isNativeTag": [Function],
      "optionMergeStrategies": Object {},
      "performance": false,
      "warnHandler": undefined,
    },
    "directive": [Function],
    "mixin": [Function],
    "mount": [Function],
    "provide": [Function],
    "unmount": [Function],
    "use": [Function],
    "version": "3.0.0",
  },
  "__isFunctionalComponent": false,
  "__setProps": [Function],
  "componentVM": Object {
    "__emitted": Object {},
    "clickAvatar": [MockFunction],
  },
  "rootVM": Object {
    "__emitted": Object {},
  },
}
`;
